[stderr] INFO:     Started server process [63148]
[stderr] INFO:     Waiting for application startup.
[stderr] INFO:     Application startup complete.
[stderr] INFO:     Uvicorn running on http://127.0.0.1:8766 (Press CTRL+C to quit)
INFO:     127.0.0.1:55185 - "GET /health HTTP/1.1" 200 OK
[stderr] INFO:     ('127.0.0.1', 55186) - "WebSocket /ws" [accepted]
[stderr] 2026-09-19 18:19:22 INFO     [codeboarding_pro.ws.server:258] WebSocket connected: session 0feba59b-d3cf-465a-8f20-3f4bd8890202
[stderr] INFO:     connection open
[stderr] 2026-09-19 18:19:22 INFO     [tool_registry.manifest:309] has_required_tools: csharp unavailable (dotnet missing); skipping check
[stderr] 2026-09-19 18:19:22 INFO     [codeboarding_pro.lsp.bootstrap:56] LSP startup attempt 1/3
[stderr] 2026-09-19 18:19:22 INFO     [codeboarding_pro.session:183] Session 0feba59b-d3cf-465a-8f20-3f4bd8890202 initialized: repo=D:\Sources\tollgate, project=tollgate, output=D:\Sources\tollgate\.codeboarding
[stderr] 2026-09-19 18:19:23 INFO     [static_analyzer.engine.language_adapter:283] Found 14 Go files in D:\Sources\tollgate
[stderr] 2026-09-19 18:19:23 INFO     [static_analyzer:450] Starting engine LSP client for Go at D:\Sources\tollgate
[stderr] 2026-09-19 18:19:23 ERROR    [static_analyzer:368] Failed to start engine LSP client for Go; skipping this language and continuing
[stderr] Traceback (most recent call last):
[stderr]   File "static_analyzer\__init__.py", line 366, in start_clients
[stderr]   File "static_analyzer\__init__.py", line 453, in _spawn_engine_client
[stderr]   File "static_analyzer\engine\adapters\go_adapter.py", line 114, in get_lsp_command
[stderr] RuntimeError: Go toolchain not found on PATH. gopls requires Go to resolve modules and the standard library. Install one via https://go.dev/dl/ and re-run the analysis.
[stderr] 2026-09-19 18:19:23 WARNING  [codeboarding_pro.lsp.bootstrap:72] LSP startup attempt 1 failed: Failed to start any engine LSP client (attempted: Go); failures: Go: Go toolchain not found on PATH. gopls requires Go to resolve modules and the standard library. Install one via https://go.dev/dl/ and re-run the analysis.
[stderr] Traceback (most recent call last):
[stderr]   File "codeboarding_pro\lsp\bootstrap.py", line 61, in _run
[stderr]   File "static_analyzer\__init__.py", line 403, in start_clients
[stderr] RuntimeError: Failed to start any engine LSP client (attempted: Go); failures: Go: Go toolchain not found on PATH. gopls requires Go to resolve modules and the standard library. Install one via https://go.dev/dl/ and re-run the analysis.
[stderr] 2026-09-19 18:19:26 INFO     [codeboarding_pro.lsp.bootstrap:56] LSP startup attempt 2/3
[stderr] 2026-09-19 18:19:26 INFO     [static_analyzer.engine.language_adapter:283] Found 14 Go files in D:\Sources\tollgate
[stderr] 2026-09-19 18:19:26 INFO     [static_analyzer:450] Starting engine LSP client for Go at D:\Sources\tollgate
[stderr] 2026-09-19 18:19:26 ERROR    [static_analyzer:368] Failed to start engine LSP client for Go; skipping this language and continuing
[stderr] Traceback (most recent call last):
[stderr]   File "static_analyzer\__init__.py", line 366, in start_clients
[stderr]   File "static_analyzer\__init__.py", line 453, in _spawn_engine_client
[stderr]   File "static_analyzer\engine\adapters\go_adapter.py", line 114, in get_lsp_command
[stderr] RuntimeError: Go toolchain not found on PATH. gopls requires Go to resolve modules and the standard library. Install one via https://go.dev/dl/ and re-run the analysis.
[stderr] 2026-09-19 18:19:26 WARNING  [codeboarding_pro.lsp.bootstrap:72] LSP startup attempt 2 failed: Failed to start any engine LSP client (attempted: Go); failures: Go: Go toolchain not found on PATH. gopls requires Go to resolve modules and the standard library. Install one via https://go.dev/dl/ and re-run the analysis.
[stderr] Traceback (most recent call last):
[stderr]   File "codeboarding_pro\lsp\bootstrap.py", line 61, in _run
[stderr]   File "static_analyzer\__init__.py", line 403, in start_clients
[stderr] RuntimeError: Failed to start any engine LSP client (attempted: Go); failures: Go: Go toolchain not found on PATH. gopls requires Go to resolve modules and the standard library. Install one via https://go.dev/dl/ and re-run the analysis.
[stderr] 2026-09-19 18:19:29 INFO     [codeboarding_pro.lsp.bootstrap:56] LSP startup attempt 3/3
[stderr] 2026-09-19 18:19:30 INFO     [static_analyzer.engine.language_adapter:283] Found 14 Go files in D:\Sources\tollgate
[stderr] 2026-09-19 18:19:30 INFO     [static_analyzer:450] Starting engine LSP client for Go at D:\Sources\tollgate
[stderr] 2026-09-19 18:19:30 ERROR    [static_analyzer:368] Failed to start engine LSP client for Go; skipping this language and continuing
[stderr] Traceback (most recent call last):
[stderr]   File "static_analyzer\__init__.py", line 366, in start_clients
[stderr]   File "static_analyzer\__init__.py", line 453, in _spawn_engine_client
[stderr]   File "static_analyzer\engine\adapters\go_adapter.py", line 114, in get_lsp_command
[stderr] RuntimeError: Go toolchain not found on PATH. gopls requires Go to resolve modules and the standard library. Install one via https://go.dev/dl/ and re-run the analysis.
[stderr] 2026-09-19 18:19:30 WARNING  [codeboarding_pro.lsp.bootstrap:72] LSP startup attempt 3 failed: Failed to start any engine LSP client (attempted: Go); failures: Go: Go toolchain not found on PATH. gopls requires Go to resolve modules and the standard library. Install one via https://go.dev/dl/ and re-run the analysis.
[stderr] Traceback (most recent call last):
[stderr]   File "codeboarding_pro\lsp\bootstrap.py", line 61, in _run
[stderr]   File "static_analyzer\__init__.py", line 403, in start_clients
[stderr] RuntimeError: Failed to start any engine LSP client (attempted: Go); failures: Go: Go toolchain not found on PATH. gopls requires Go to resolve modules and the standard library. Install one via https://go.dev/dl/ and re-run the analysis.
